// Jest Snapshot v1, https://goo.gl/fbAQLP

exports[`Login should match the snapshot 1`] = `
ShallowWrapper {
  "length": 1,
  Symbol(enzyme.__root__): [Circular],
  Symbol(enzyme.__unrendered__): <Login />,
  Symbol(enzyme.__renderer__): Object {
    "batchedUpdates": [Function],
    "getNode": [Function],
    "render": [Function],
    "simulateEvent": [Function],
    "unmount": [Function],
  },
  Symbol(enzyme.__node__): Object {
    "instance": null,
    "key": undefined,
    "nodeType": "host",
    "props": Object {
      "children": Array [
        <label
          htmlFor="email-input"
>
          Email:
</label>,
        <input
          className="email-input"
          name="email"
          onChange={[Function]}
          type="text"
/>,
        <label
          htmlFor="password-input"
>
          Password:
</label>,
        <input
          className="password-input"
          name="password"
          onChange={[Function]}
          type="password"
          value=""
/>,
        <button
          onClick={[Function]}
>
          Login
</button>,
        <p />,
      ],
    },
    "ref": null,
    "rendered": Array [
      Object {
        "instance": null,
        "key": undefined,
        "nodeType": "host",
        "props": Object {
          "children": "Email:",
          "htmlFor": "email-input",
        },
        "ref": null,
        "rendered": "Email:",
        "type": "label",
      },
      Object {
        "instance": null,
        "key": undefined,
        "nodeType": "host",
        "props": Object {
          "className": "email-input",
          "name": "email",
          "onChange": [Function],
          "type": "text",
        },
        "ref": null,
        "rendered": null,
        "type": "input",
      },
      Object {
        "instance": null,
        "key": undefined,
        "nodeType": "host",
        "props": Object {
          "children": "Password:",
          "htmlFor": "password-input",
        },
        "ref": null,
        "rendered": "Password:",
        "type": "label",
      },
      Object {
        "instance": null,
        "key": undefined,
        "nodeType": "host",
        "props": Object {
          "className": "password-input",
          "name": "password",
          "onChange": [Function],
          "type": "password",
          "value": "",
        },
        "ref": null,
        "rendered": null,
        "type": "input",
      },
      Object {
        "instance": null,
        "key": undefined,
        "nodeType": "host",
        "props": Object {
          "children": "Login",
          "onClick": [Function],
        },
        "ref": null,
        "rendered": "Login",
        "type": "button",
      },
      Object {
        "instance": null,
        "key": undefined,
        "nodeType": "host",
        "props": Object {
          "children": undefined,
        },
        "ref": null,
        "rendered": null,
        "type": "p",
      },
    ],
    "type": "form",
  },
  Symbol(enzyme.__nodes__): Array [
    Object {
      "instance": null,
      "key": undefined,
      "nodeType": "host",
      "props": Object {
        "children": Array [
          <label
            htmlFor="email-input"
>
            Email:
</label>,
          <input
            className="email-input"
            name="email"
            onChange={[Function]}
            type="text"
/>,
          <label
            htmlFor="password-input"
>
            Password:
</label>,
          <input
            className="password-input"
            name="password"
            onChange={[Function]}
            type="password"
            value=""
/>,
          <button
            onClick={[Function]}
>
            Login
</button>,
          <p />,
        ],
      },
      "ref": null,
      "rendered": Array [
        Object {
          "instance": null,
          "key": undefined,
          "nodeType": "host",
          "props": Object {
            "children": "Email:",
            "htmlFor": "email-input",
          },
          "ref": null,
          "rendered": "Email:",
          "type": "label",
        },
        Object {
          "instance": null,
          "key": undefined,
          "nodeType": "host",
          "props": Object {
            "className": "email-input",
            "name": "email",
            "onChange": [Function],
            "type": "text",
          },
          "ref": null,
          "rendered": null,
          "type": "input",
        },
        Object {
          "instance": null,
          "key": undefined,
          "nodeType": "host",
          "props": Object {
            "children": "Password:",
            "htmlFor": "password-input",
          },
          "ref": null,
          "rendered": "Password:",
          "type": "label",
        },
        Object {
          "instance": null,
          "key": undefined,
          "nodeType": "host",
          "props": Object {
            "className": "password-input",
            "name": "password",
            "onChange": [Function],
            "type": "password",
            "value": "",
          },
          "ref": null,
          "rendered": null,
          "type": "input",
        },
        Object {
          "instance": null,
          "key": undefined,
          "nodeType": "host",
          "props": Object {
            "children": "Login",
            "onClick": [Function],
          },
          "ref": null,
          "rendered": "Login",
          "type": "button",
        },
        Object {
          "instance": null,
          "key": undefined,
          "nodeType": "host",
          "props": Object {
            "children": undefined,
          },
          "ref": null,
          "rendered": null,
          "type": "p",
        },
      ],
      "type": "form",
    },
  ],
  Symbol(enzyme.__options__): Object {
    "adapter": ReactSixteenAdapter {
      "options": Object {
        "enableComponentDidUpdateOnSetState": true,
      },
    },
  },
}
`;
